node : D:\CEKDIRIBK\node_modules\.bin\next:2
At line:1 char:1
+ node node_modules/.bin/next build > build_output.txt 2>&1
+ ~~~~~~~~~~~~~~~~~~~~~~~~~~~~~~~~~~~~~~~~~~~~~~~~~~~~~~~~~
    + CategoryInfo          : NotSpecified: (D:\CEKDIRIBK\node_ 
   modules\.bin\next:2:String) [], RemoteException
    + FullyQualifiedErrorId : NativeCommandError
 
basedir=$(dirname "$(echo "$0" | sed -e 's,\\,/,g')")
          ^^^^^^^

SyntaxError: missing ) after argument list
    at wrapSafe (node:internal/modules/cjs/loader:1763:18)
    at Module._compile (node:internal/modules/cjs/loader:1804:20
)
    at Object..js (node:internal/modules/cjs/loader:1961:10)
    at Module.load (node:internal/modules/cjs/loader:1553:32)
    at Module._load (node:internal/modules/cjs/loader:1355:12)
    at wrapModuleLoad (node:internal/modules/cjs/loader:255:19)
    at Module.executeUserEntryPoint [as runMain] (node:internal/
modules/run_main:154:5)
    at node:internal/main/run_main_module:33:47

Node.js v24.15.0
